../lvgl/lvgl/src/hal/lv_hal_disp.c:602:31:invalidate_layout_cb	8	static
../lvgl/lvgl/src/hal/lv_hal_disp.c:637:13:set_px_cb_alpha4	40	static
../lvgl/lvgl/src/hal/lv_hal_disp.c:679:13:set_px_true_color_alpha	56	static
../lvgl/lvgl/src/hal/lv_hal_disp.c:651:13:set_px_cb_alpha8	40	static
../lvgl/lvgl/src/hal/lv_hal_disp.c:609:13:set_px_cb_alpha1	40	static
../lvgl/lvgl/src/hal/lv_hal_disp.c:623:13:set_px_cb_alpha2	40	static
../lvgl/lvgl/src/hal/lv_hal_disp.c:82:6:lv_disp_drv_init	16	static
../lvgl/lvgl/src/hal/lv_hal_disp.c:133:6:lv_disp_draw_buf_init	24	static
../lvgl/lvgl/src/hal/lv_hal_disp.c:149:13:lv_disp_drv_register	40	static
../lvgl/lvgl/src/hal/lv_hal_disp.c:229:6:lv_disp_drv_update	32	static
../lvgl/lvgl/src/hal/lv_hal_disp.c:270:6:lv_disp_remove	24	static
../lvgl/lvgl/src/hal/lv_hal_disp.c:310:6:lv_disp_set_default	0	static
../lvgl/lvgl/src/hal/lv_hal_disp.c:319:13:lv_disp_get_default	0	static
../lvgl/lvgl/src/hal/lv_hal_disp.c:329:12:lv_disp_get_hor_res	0	static
../lvgl/lvgl/src/hal/lv_hal_disp.c:352:12:lv_disp_get_ver_res	0	static
../lvgl/lvgl/src/hal/lv_hal_disp.c:375:12:lv_disp_get_physical_hor_res	0	static
../lvgl/lvgl/src/hal/lv_hal_disp.c:398:12:lv_disp_get_physical_ver_res	0	static
../lvgl/lvgl/src/hal/lv_hal_disp.c:421:12:lv_disp_get_offset_x	0	static
../lvgl/lvgl/src/hal/lv_hal_disp.c:447:12:lv_disp_get_offset_y	0	static
../lvgl/lvgl/src/hal/lv_hal_disp.c:473:6:lv_disp_get_antialiasing	0	static
../lvgl/lvgl/src/hal/lv_hal_disp.c:486:12:lv_disp_get_dpi	0	static
../lvgl/lvgl/src/hal/lv_hal_disp.c:497:31:lv_disp_flush_ready	0	static
../lvgl/lvgl/src/hal/lv_hal_disp.c:521:31:lv_disp_flush_is_last	0	static
../lvgl/lvgl/src/hal/lv_hal_disp.c:531:13:lv_disp_get_next	0	static
../lvgl/lvgl/src/hal/lv_hal_disp.c:544:22:lv_disp_get_draw_buf	0	static
../lvgl/lvgl/src/hal/lv_hal_disp.c:554:6:lv_disp_set_rotation	0	static
../lvgl/lvgl/src/hal/lv_hal_disp.c:568:15:lv_disp_get_rotation	0	static
../lvgl/lvgl/src/hal/lv_hal_disp.c:575:6:lv_disp_drv_use_generic_set_px_cb	0	static
