../hal/fsl_pxp.c:173:17:PXP_GetInstance.part.0	8	static
../hal/fsl_pxp.c:367:6:PXP_SetAlphaSurfaceBlendConfig.part.0	8	static
../hal/fsl_pxp.c:304:6:PXP_Init	8	static
../hal/fsl_pxp.c:324:6:PXP_Deinit	8	static
../hal/fsl_pxp.c:339:6:PXP_Reset	0	static
../hal/fsl_pxp.c:351:6:PXP_SetAlphaSurfaceBufferConfig	8	static
../hal/fsl_pxp.c:367:6:PXP_SetAlphaSurfaceBlendConfig	8	static
../hal/fsl_pxp.c:421:6:PXP_SetAlphaSurfacePosition	4	static
../hal/fsl_pxp.c:479:6:PXP_SetAlphaSurfaceOverlayColorKey	0	static
../hal/fsl_pxp.c:492:6:PXP_SetProcessSurfaceBufferConfig	16	static
../hal/fsl_pxp.c:516:6:PXP_SetProcessSurfaceScaler	4	static
../hal/fsl_pxp.c:540:6:PXP_SetProcessSurfacePosition	4	static
../hal/fsl_pxp.c:590:6:PXP_SetProcessSurfaceColorKey	0	static
../hal/fsl_pxp.c:603:6:PXP_SetOutputBufferConfig	8	static
../hal/fsl_pxp.c:637:6:PXP_BuildRect	24	static
../hal/fsl_pxp.c:738:6:PXP_SetNextCommand	0	static
../hal/fsl_pxp.c:806:6:PXP_SetCsc1Mode	4	static
../hal/fsl_pxp.c:1048:6:PXP_SetPorterDuffConfig	8	static
../hal/fsl_pxp.c:1074:10:PXP_GetPorterDuffConfig	4	static
../hal/fsl_pxp.c:1221:10:PXP_StartPictureCopy	36	static
../hal/fsl_pxp.c:1261:10:PXP_StartMemCopy	16	static
../hal/fsl_pxp.c:1304:10:PXP_MemCopy	24	static
