../hal/fsl_video_common.c:19:6:VIDEO_IsYUV	0	static
../hal/fsl_video_common.c:33:6:VIDEO_DelayMs	16	static
../hal/fsl_video_common.c:51:9:VIDEO_GetPixelSizeBits	0	static
../hal/fsl_video_common.c:96:10:VIDEO_RINGBUF_Init	8	static
../hal/fsl_video_common.c:108:10:VIDEO_RINGBUF_Get	4	static
../hal/fsl_video_common.c:137:10:VIDEO_RINGBUF_Put	4	static
../hal/fsl_video_common.c:161:10:VIDEO_RINGBUF_GetLength	0	static
../hal/fsl_video_common.c:179:6:VIDEO_RINGBUF_IsEmpty	0	static
../hal/fsl_video_common.c:195:6:VIDEO_RINGBUF_IsFull	0	static
../hal/fsl_video_common.c:217:10:VIDEO_MEMPOOL_Init	24	static
../hal/fsl_video_common.c:230:6:VIDEO_MEMPOOL_InitEmpty	0	static
../hal/fsl_video_common.c:236:6:VIDEO_MEMPOOL_Put	0	static
../hal/fsl_video_common.c:243:7:VIDEO_MEMPOOL_Get	0	static
../hal/fsl_video_common.c:256:10:VIDEO_MEMPOOL_GetCount	0	static
