../lvgl/lvgl/src/extra/widgets/meter/lv_meter.c:279:13:lv_meter_destructor	8	static
../lvgl/lvgl/src/extra/widgets/meter/lv_meter.c:266:13:lv_meter_constructor	8	static
../lvgl/lvgl/src/extra/widgets/meter/lv_meter.c:636:13:inv_arc	80	static
../lvgl/lvgl/src/extra/widgets/meter/lv_meter.c:662:13:inv_line	72	static
../lvgl/lvgl/src/extra/widgets/meter/lv_meter.c:289:13:lv_meter_event	416	static
../lvgl/lvgl/src/extra/widgets/meter/lv_meter.c:54:12:lv_meter_create	8	static
../lvgl/lvgl/src/extra/widgets/meter/lv_meter.c:66:20:lv_meter_add_scale	8	static
../lvgl/lvgl/src/extra/widgets/meter/lv_meter.c:87:6:lv_meter_set_scale_ticks	0	static
../lvgl/lvgl/src/extra/widgets/meter/lv_meter.c:97:6:lv_meter_set_scale_major_ticks	0	static
../lvgl/lvgl/src/extra/widgets/meter/lv_meter.c:108:6:lv_meter_set_scale_range	0	static
../lvgl/lvgl/src/extra/widgets/meter/lv_meter.c:122:24:lv_meter_add_needle_line	32	static
../lvgl/lvgl/src/extra/widgets/meter/lv_meter.c:142:24:lv_meter_add_needle_img	32	static
../lvgl/lvgl/src/extra/widgets/meter/lv_meter.c:162:24:lv_meter_add_arc	32	static
../lvgl/lvgl/src/extra/widgets/meter/lv_meter.c:182:24:lv_meter_add_scale_lines	32	static
../lvgl/lvgl/src/extra/widgets/meter/lv_meter.c:207:6:lv_meter_set_indicator_value	24	static
../lvgl/lvgl/src/extra/widgets/meter/lv_meter.c:228:6:lv_meter_set_indicator_start_value	16	static
../lvgl/lvgl/src/extra/widgets/meter/lv_meter.c:245:6:lv_meter_set_indicator_end_value	16	static
