../lvgl/lvgl/src/misc/lv_fs.c:41:6:_lv_fs_init	0	static
../lvgl/lvgl/src/misc/lv_fs.c:46:6:lv_fs_is_ready	16	static
../lvgl/lvgl/src/misc/lv_fs.c:57:13:lv_fs_open	32	static
../lvgl/lvgl/src/misc/lv_fs.c:103:13:lv_fs_close	16	static
../lvgl/lvgl/src/misc/lv_fs.c:204:13:lv_fs_read	64	static
../lvgl/lvgl/src/misc/lv_fs.c:225:13:lv_fs_write	32	static
../lvgl/lvgl/src/misc/lv_fs.c:244:13:lv_fs_seek	24	static
../lvgl/lvgl/src/misc/lv_fs.c:299:13:lv_fs_tell	4	static
../lvgl/lvgl/src/misc/lv_fs.c:323:13:lv_fs_dir_open	24	static
../lvgl/lvgl/src/misc/lv_fs.c:357:13:lv_fs_dir_read	4	static
../lvgl/lvgl/src/misc/lv_fs.c:374:13:lv_fs_dir_close	8	static
../lvgl/lvgl/src/misc/lv_fs.c:392:6:lv_fs_drv_init	0	static
../lvgl/lvgl/src/misc/lv_fs.c:397:6:lv_fs_drv_register	8	static
../lvgl/lvgl/src/misc/lv_fs.c:408:15:lv_fs_get_drv	16	static
../lvgl/lvgl/src/misc/lv_fs.c:421:8:lv_fs_get_letters	16	static
../lvgl/lvgl/src/misc/lv_fs.c:436:14:lv_fs_get_ext	8	static
../lvgl/lvgl/src/misc/lv_fs.c:451:8:lv_fs_up	8	static
../lvgl/lvgl/src/misc/lv_fs.c:477:14:lv_fs_get_last	8	static
