../lvgl/lvgl/src/core/lv_obj.c:455:13:lv_obj_draw	184	static
../lvgl/lvgl/src/core/lv_obj.c:422:13:lv_obj_destructor	8	static
../lvgl/lvgl/src/core/lv_obj.c:391:13:lv_obj_constructor	24	static
../lvgl/lvgl/src/core/lv_obj.c:860:13:lv_obj_set_state	80	static
../lvgl/lvgl/src/core/lv_obj.c:704:13:lv_obj_event	40	static
../lvgl/lvgl/src/core/lv_obj.c:933:13:obj_valid_child.isra	120	static
../lvgl/lvgl/src/core/lv_obj.c:86:6:lv_is_initialized	0	static
../lvgl/lvgl/src/core/lv_obj.c:91:6:lv_init	8	static
../lvgl/lvgl/src/core/lv_obj.c:180:6:lv_deinit	8	static
../lvgl/lvgl/src/core/lv_obj.c:196:12:lv_obj_create	8	static
../lvgl/lvgl/src/core/lv_obj.c:212:6:lv_obj_add_flag	32	static
../lvgl/lvgl/src/core/lv_obj.c:239:6:lv_obj_clear_flag	32	static
../lvgl/lvgl/src/core/lv_obj.c:266:6:lv_obj_add_state	0	static
../lvgl/lvgl/src/core/lv_obj.c:276:6:lv_obj_clear_state	0	static
../lvgl/lvgl/src/core/lv_obj.c:290:6:lv_obj_has_flag	0	static
../lvgl/lvgl/src/core/lv_obj.c:297:6:lv_obj_has_flag_any	0	static
../lvgl/lvgl/src/core/lv_obj.c:304:12:lv_obj_get_state	0	static
../lvgl/lvgl/src/core/lv_obj.c:311:6:lv_obj_has_state	0	static
../lvgl/lvgl/src/core/lv_obj.c:318:8:lv_obj_get_group	0	static
../lvgl/lvgl/src/core/lv_obj.c:330:6:lv_obj_allocate_spec_attr	8	static
../lvgl/lvgl/src/core/lv_obj.c:348:6:lv_obj_check_type	0	static
../lvgl/lvgl/src/core/lv_obj.c:354:6:lv_obj_has_class	0	static
../lvgl/lvgl/src/core/lv_obj.c:365:24:lv_obj_get_class	0	static
../lvgl/lvgl/src/core/lv_obj.c:370:6:lv_obj_is_valid	40	static
