../lvgl/lvgl/src/core/lv_obj_pos.c:778:6:lv_obj_move_children_by.constprop	136	static
../lvgl/lvgl/src/core/lv_obj_pos.c:43:6:lv_obj_set_pos	24	static
../lvgl/lvgl/src/core/lv_obj_pos.c:51:6:lv_obj_set_x	24	static
../lvgl/lvgl/src/core/lv_obj_pos.c:65:6:lv_obj_set_y	24	static
../lvgl/lvgl/src/core/lv_obj_pos.c:212:6:lv_obj_set_size	24	static
../lvgl/lvgl/src/core/lv_obj_pos.c:220:6:lv_obj_set_width	24	static
../lvgl/lvgl/src/core/lv_obj_pos.c:233:6:lv_obj_set_height	24	static
../lvgl/lvgl/src/core/lv_obj_pos.c:246:6:lv_obj_set_content_width	32	static
../lvgl/lvgl/src/core/lv_obj_pos.c:255:6:lv_obj_set_content_height	32	static
../lvgl/lvgl/src/core/lv_obj_pos.c:264:6:lv_obj_set_layout	8	static
../lvgl/lvgl/src/core/lv_obj_pos.c:273:6:lv_obj_is_layout_positioned	16	static
../lvgl/lvgl/src/core/lv_obj_pos.c:285:6:lv_obj_mark_layout_as_dirty	8	static
../lvgl/lvgl/src/core/lv_obj_pos.c:320:10:lv_layout_register	24	static
../lvgl/lvgl/src/core/lv_obj_pos.c:331:6:lv_obj_set_align	0	static
../lvgl/lvgl/src/core/lv_obj_pos.c:336:6:lv_obj_align	24	static
../lvgl/lvgl/src/core/lv_obj_pos.c:484:6:lv_obj_get_coords	0	static
../lvgl/lvgl/src/core/lv_obj_pos.c:491:12:lv_obj_get_x	24	static
../lvgl/lvgl/src/core/lv_obj_pos.c:509:12:lv_obj_get_x2	24	static
../lvgl/lvgl/src/core/lv_obj_pos.c:516:12:lv_obj_get_y	24	static
../lvgl/lvgl/src/core/lv_obj_pos.c:534:12:lv_obj_get_y2	24	static
../lvgl/lvgl/src/core/lv_obj_pos.c:541:12:lv_obj_get_x_aligned	8	static
../lvgl/lvgl/src/core/lv_obj_pos.c:546:12:lv_obj_get_y_aligned	8	static
../lvgl/lvgl/src/core/lv_obj_pos.c:552:12:lv_obj_get_width	0	static
../lvgl/lvgl/src/core/lv_obj_pos.c:559:12:lv_obj_get_height	0	static
../lvgl/lvgl/src/core/lv_obj_pos.c:566:12:lv_obj_get_content_width	16	static
../lvgl/lvgl/src/core/lv_obj_pos.c:577:12:lv_obj_get_content_height	16	static
../lvgl/lvgl/src/core/lv_obj_pos.c:588:6:lv_obj_get_content_coords	16	static
../lvgl/lvgl/src/core/lv_obj_pos.c:602:12:lv_obj_get_self_width	16	static
../lvgl/lvgl/src/core/lv_obj_pos.c:609:12:lv_obj_get_self_height	16	static
../lvgl/lvgl/src/core/lv_obj_pos.c:616:6:lv_obj_refresh_self_size	16	static
../lvgl/lvgl/src/core/lv_obj_pos.c:778:6:lv_obj_move_children_by	56	static
../lvgl/lvgl/src/core/lv_obj_pos.c:829:6:lv_obj_area_is_visible	32	static
../lvgl/lvgl/src/core/lv_obj_pos.c:795:6:lv_obj_invalidate_area	16	static
../lvgl/lvgl/src/core/lv_obj_pos.c:806:6:lv_obj_invalidate	16	static
../lvgl/lvgl/src/core/lv_obj_pos.c:705:6:lv_obj_move_to	64	static
../lvgl/lvgl/src/core/lv_obj_pos.c:626:6:lv_obj_refr_pos.part.0	72	static
../lvgl/lvgl/src/core/lv_obj_pos.c:626:6:lv_obj_refr_pos	16	static
../lvgl/lvgl/src/core/lv_obj_pos.c:79:6:lv_obj_refr_size.part.0	96	static
../lvgl/lvgl/src/core/lv_obj_pos.c:79:6:lv_obj_refr_size	0	static
../lvgl/lvgl/src/core/lv_obj_pos.c:1087:13:layout_update_core	16	static
../lvgl/lvgl/src/core/lv_obj_pos.c:342:6:lv_obj_align_to	64	static
../lvgl/lvgl/src/core/lv_obj_pos.c:298:6:lv_obj_update_layout	16	static
../lvgl/lvgl/src/core/lv_obj_pos.c:874:6:lv_obj_is_visible	16	static
../lvgl/lvgl/src/core/lv_obj_pos.c:890:6:lv_obj_set_ext_click_area	16	static
../lvgl/lvgl/src/core/lv_obj_pos.c:898:6:lv_obj_get_click_area	16	static
../lvgl/lvgl/src/core/lv_obj_pos.c:909:6:lv_obj_hit_test	32	static
../lvgl/lvgl/src/core/lv_obj_pos.c:930:12:lv_clamp_width	8	static
../lvgl/lvgl/src/core/lv_obj_pos.c:937:12:lv_clamp_height	8	static
