../lvgl/lvgl/src/core/lv_refr.c:975:13:draw_buf_flush	144	static
../lvgl/lvgl/src/core/lv_refr.c:671:19:lv_refr_get_top_obj.part.0	32	static
../lvgl/lvgl/src/core/lv_refr.c:100:6:_lv_refr_init	0	static
../lvgl/lvgl/src/core/lv_refr.c:127:6:lv_refr_obj	48	static
../lvgl/lvgl/src/core/lv_refr.c:711:13:lv_refr_obj_and_children	32	static
../lvgl/lvgl/src/core/lv_refr.c:589:13:lv_refr_area_part	112	static
../lvgl/lvgl/src/core/lv_refr.c:200:6:_lv_inv_area	32	static
../lvgl/lvgl/src/core/lv_refr.c:255:13:_lv_refr_get_disp_refreshing	0	static
../lvgl/lvgl/src/core/lv_refr.c:266:6:_lv_refr_set_disp_refreshing	0	static
../lvgl/lvgl/src/core/lv_refr.c:275:6:_lv_disp_refr_timer	88	static
../lvgl/lvgl/src/core/lv_refr.c:110:6:lv_refr_now	8	static
