../lvgl/lvgl/src/extra/widgets/tabview/lv_tabview.c:238:13:lv_tabview_destructor	16	static
../lvgl/lvgl/src/extra/widgets/tabview/lv_tabview.c:174:13:lv_tabview_constructor	16	static
../lvgl/lvgl/src/extra/widgets/tabview/lv_tabview.c:56:12:lv_tabview_create	8	static
../lvgl/lvgl/src/extra/widgets/tabview/lv_tabview.c:124:6:lv_tabview_set_act	32	static
../lvgl/lvgl/src/extra/widgets/tabview/lv_tabview.c:262:13:lv_tabview_event	8	static
../lvgl/lvgl/src/extra/widgets/tabview/lv_tabview.c:286:13:cont_scroll_end_event_cb	24	static
../lvgl/lvgl/src/extra/widgets/tabview/lv_tabview.c:277:13:btns_value_changed_event_cb	16	static
../lvgl/lvgl/src/extra/widgets/tabview/lv_tabview.c:67:12:lv_tabview_add_tab	48	static
../lvgl/lvgl/src/extra/widgets/tabview/lv_tabview.c:153:10:lv_tabview_get_tab_act	0	static
../lvgl/lvgl/src/extra/widgets/tabview/lv_tabview.c:160:12:lv_tabview_get_content	0	static
../lvgl/lvgl/src/extra/widgets/tabview/lv_tabview.c:165:12:lv_tabview_get_tab_btns	0	static
