../lvgl/lvgl/src/draw/lv_draw_mask.c:1219:49:lv_draw_mask_map	20	static
../lvgl/lvgl/src/draw/lv_draw_mask.c:1173:49:lv_draw_mask_fade	12	static
../lvgl/lvgl/src/draw/lv_draw_mask.c:1056:49:lv_draw_mask_radius	48	static
../lvgl/lvgl/src/draw/lv_draw_mask.c:599:49:lv_draw_mask_line	24	static
../lvgl/lvgl/src/draw/lv_draw_mask.c:917:49:lv_draw_mask_angle	48	static
../lvgl/lvgl/src/draw/lv_draw_mask.c:81:9:lv_draw_mask_add	4	static
../lvgl/lvgl/src/draw/lv_draw_mask.c:111:42:lv_draw_mask_apply	40	static
../lvgl/lvgl/src/draw/lv_draw_mask.c:145:42:lv_draw_mask_apply_ids	56	static
../lvgl/lvgl/src/draw/lv_draw_mask.c:171:8:lv_draw_mask_remove_id	0	static
../lvgl/lvgl/src/draw/lv_draw_mask.c:190:8:lv_draw_mask_remove_custom	0	static
../lvgl/lvgl/src/draw/lv_draw_mask.c:210:6:lv_draw_mask_free_param	8	static
../lvgl/lvgl/src/draw/lv_draw_mask.c:231:6:_lv_draw_mask_cleanup	16	static
../lvgl/lvgl/src/draw/lv_draw_mask.c:246:31:lv_draw_mask_get_cnt	0	static
../lvgl/lvgl/src/draw/lv_draw_mask.c:256:6:lv_draw_mask_is_any	16	static
../lvgl/lvgl/src/draw/lv_draw_mask.c:293:6:lv_draw_mask_line_points_init	32	static
../lvgl/lvgl/src/draw/lv_draw_mask.c:1253:49:lv_draw_mask_polygon	136	static
../lvgl/lvgl/src/draw/lv_draw_mask.c:387:6:lv_draw_mask_line_angle_init	40	static
../lvgl/lvgl/src/draw/lv_draw_mask.c:413:6:lv_draw_mask_angle_init	56	static
../lvgl/lvgl/src/draw/lv_draw_mask.c:477:6:lv_draw_mask_radius_init	56	static
../lvgl/lvgl/src/draw/lv_draw_mask.c:543:6:lv_draw_mask_fade_init	12	static
../lvgl/lvgl/src/draw/lv_draw_mask.c:562:6:lv_draw_mask_map_init	0	static
../lvgl/lvgl/src/draw/lv_draw_mask.c:570:6:lv_draw_mask_polygon_init	32	static
