../lvgl/lvgl/src/extra/widgets/chart/lv_chart.c:1372:13:draw_y_ticks	248	static
../lvgl/lvgl/src/extra/widgets/chart/lv_chart.c:1503:13:draw_x_ticks	232	static
../lvgl/lvgl/src/extra/widgets/chart/lv_chart.c:674:13:lv_chart_destructor	16	static
../lvgl/lvgl/src/extra/widgets/chart/lv_chart.c:643:13:lv_chart_constructor	8	static
../lvgl/lvgl/src/extra/widgets/chart/lv_chart.c:1732:13:new_points_alloc	24	static
../lvgl/lvgl/src/extra/widgets/chart/lv_chart.c:1669:13:invalidate_point.part.0	40	static
../lvgl/lvgl/src/extra/widgets/chart/lv_chart.c:67:12:lv_chart_create	8	static
../lvgl/lvgl/src/extra/widgets/chart/lv_chart.c:75:6:lv_chart_set_type	24	static
../lvgl/lvgl/src/extra/widgets/chart/lv_chart.c:104:6:lv_chart_set_point_count	32	static
../lvgl/lvgl/src/extra/widgets/chart/lv_chart.c:128:6:lv_chart_set_range	0	static
../lvgl/lvgl/src/extra/widgets/chart/lv_chart.c:160:6:lv_chart_set_update_mode	0	static
../lvgl/lvgl/src/extra/widgets/chart/lv_chart.c:171:6:lv_chart_set_div_line_count	0	static
../lvgl/lvgl/src/extra/widgets/chart/lv_chart.c:185:6:lv_chart_set_zoom_x	8	static
../lvgl/lvgl/src/extra/widgets/chart/lv_chart.c:199:6:lv_chart_set_zoom_y	8	static
../lvgl/lvgl/src/extra/widgets/chart/lv_chart.c:213:10:lv_chart_get_zoom_x	0	static
../lvgl/lvgl/src/extra/widgets/chart/lv_chart.c:221:10:lv_chart_get_zoom_y	0	static
../lvgl/lvgl/src/extra/widgets/chart/lv_chart.c:229:6:lv_chart_set_axis_tick	16	static
../lvgl/lvgl/src/extra/widgets/chart/lv_chart.c:246:17:lv_chart_get_type	0	static
../lvgl/lvgl/src/extra/widgets/chart/lv_chart.c:254:10:lv_chart_get_point_count	0	static
../lvgl/lvgl/src/extra/widgets/chart/lv_chart.c:262:10:lv_chart_get_x_start_point	0	static
../lvgl/lvgl/src/extra/widgets/chart/lv_chart.c:270:6:lv_chart_get_point_pos_by_id	56	static
../lvgl/lvgl/src/extra/widgets/chart/lv_chart.c:702:13:lv_chart_event	384	static
../lvgl/lvgl/src/extra/widgets/chart/lv_chart.c:325:6:lv_chart_refresh	0	static
../lvgl/lvgl/src/extra/widgets/chart/lv_chart.c:336:21:lv_chart_add_series	24	static
../lvgl/lvgl/src/extra/widgets/chart/lv_chart.c:379:6:lv_chart_remove_series	16	static
../lvgl/lvgl/src/extra/widgets/chart/lv_chart.c:393:6:lv_chart_hide_series	0	static
../lvgl/lvgl/src/extra/widgets/chart/lv_chart.c:403:6:lv_chart_set_series_color	0	static
../lvgl/lvgl/src/extra/widgets/chart/lv_chart.c:412:6:lv_chart_set_x_start_point	0	static
../lvgl/lvgl/src/extra/widgets/chart/lv_chart.c:422:21:lv_chart_get_series_next	0	static
../lvgl/lvgl/src/extra/widgets/chart/lv_chart.c:442:22:lv_chart_add_cursor	16	static
../lvgl/lvgl/src/extra/widgets/chart/lv_chart.c:468:6:lv_chart_set_cursor_pos	0	static
../lvgl/lvgl/src/extra/widgets/chart/lv_chart.c:487:6:lv_chart_set_cursor_point	16	static
../lvgl/lvgl/src/extra/widgets/chart/lv_chart.c:505:12:lv_chart_get_cursor_point	8	static
../lvgl/lvgl/src/extra/widgets/chart/lv_chart.c:518:6:lv_chart_set_all_value	8	static
../lvgl/lvgl/src/extra/widgets/chart/lv_chart.c:532:6:lv_chart_set_next_value	16	static
../lvgl/lvgl/src/extra/widgets/chart/lv_chart.c:545:6:lv_chart_set_next_value2	16	static
../lvgl/lvgl/src/extra/widgets/chart/lv_chart.c:566:6:lv_chart_set_value_by_id	0	static
../lvgl/lvgl/src/extra/widgets/chart/lv_chart.c:577:6:lv_chart_set_value_by_id2	12	static
../lvgl/lvgl/src/extra/widgets/chart/lv_chart.c:595:6:lv_chart_set_ext_y_array	16	static
../lvgl/lvgl/src/extra/widgets/chart/lv_chart.c:606:6:lv_chart_set_ext_x_array	16	static
../lvgl/lvgl/src/extra/widgets/chart/lv_chart.c:617:14:lv_chart_get_y_array	0	static
../lvgl/lvgl/src/extra/widgets/chart/lv_chart.c:625:14:lv_chart_get_x_array	0	static
../lvgl/lvgl/src/extra/widgets/chart/lv_chart.c:633:10:lv_chart_get_pressed_point	0	static
../lvgl/lvgl/src/extra/widgets/chart/lv_chart.c:1778:23:get_tick_gsc	0	static
