../lvgl/lvgl/src/widgets/lv_canvas.c:822:13:lv_canvas_destructor	0	static
../lvgl/lvgl/src/widgets/lv_canvas.c:803:13:lv_canvas_constructor	0	static
../lvgl/lvgl/src/widgets/lv_canvas.c:54:12:lv_canvas_create	8	static
../lvgl/lvgl/src/widgets/lv_canvas.c:66:6:lv_canvas_set_buffer	4	static
../lvgl/lvgl/src/widgets/lv_canvas.c:81:6:lv_canvas_set_px_color	8	static
../lvgl/lvgl/src/widgets/lv_canvas.c:91:6:lv_canvas_set_px_opa	8	static
../lvgl/lvgl/src/widgets/lv_canvas.c:101:6:lv_canvas_set_palette	8	static
../lvgl/lvgl/src/widgets/lv_canvas.c:115:12:lv_canvas_get_px	16	static
../lvgl/lvgl/src/widgets/lv_canvas.c:125:16:lv_canvas_get_img	0	static
../lvgl/lvgl/src/widgets/lv_canvas.c:137:6:lv_canvas_copy_buf	32	static
../lvgl/lvgl/src/widgets/lv_canvas.c:160:6:lv_canvas_transform	160	static
../lvgl/lvgl/src/widgets/lv_canvas.c:263:6:lv_canvas_blur_hor	128	static
../lvgl/lvgl/src/widgets/lv_canvas.c:391:6:lv_canvas_blur_ver	128	static
../lvgl/lvgl/src/widgets/lv_canvas.c:524:6:lv_canvas_fill_bg	48	static
../lvgl/lvgl/src/widgets/lv_canvas.c:553:6:lv_canvas_draw_rect	480	static
../lvgl/lvgl/src/widgets/lv_canvas.c:597:6:lv_canvas_draw_text	480	static
../lvgl/lvgl/src/widgets/lv_canvas.c:633:6:lv_canvas_draw_img	472	static
../lvgl/lvgl/src/widgets/lv_canvas.c:676:6:lv_canvas_draw_line	464	static
../lvgl/lvgl/src/widgets/lv_canvas.c:718:6:lv_canvas_draw_polygon	464	static
../lvgl/lvgl/src/widgets/lv_canvas.c:756:6:lv_canvas_draw_arc	472	static
