../lvgl/lvgl/src/widgets/lv_dropdown.c:618:13:lv_dropdownlist_destructor	0	static
../lvgl/lvgl/src/widgets/lv_dropdown.c:1099:13:position_to_selected	16	static
../lvgl/lvgl/src/widgets/lv_dropdown.c:903:13:draw_box	104	static
../lvgl/lvgl/src/widgets/lv_dropdown.c:941:13:draw_box_label	80	static
../lvgl/lvgl/src/widgets/lv_dropdown.c:603:13:lv_dropdownlist_constructor	16	static
../lvgl/lvgl/src/widgets/lv_dropdown.c:587:13:lv_dropdown_destructor	16	static
../lvgl/lvgl/src/widgets/lv_dropdown.c:557:13:lv_dropdown_constructor	16	static
../lvgl/lvgl/src/widgets/lv_dropdown.c:717:13:lv_dropdown_list_event	32	static
../lvgl/lvgl/src/widgets/lv_dropdown.c:91:12:lv_dropdown_create	8	static
../lvgl/lvgl/src/widgets/lv_dropdown.c:103:6:lv_dropdown_set_text	0	static
../lvgl/lvgl/src/widgets/lv_dropdown.c:114:6:lv_dropdown_set_options	24	static
../lvgl/lvgl/src/widgets/lv_dropdown.c:161:6:lv_dropdown_set_options_static	16	static
../lvgl/lvgl/src/widgets/lv_dropdown.c:190:6:lv_dropdown_add_option	32	static
../lvgl/lvgl/src/widgets/lv_dropdown.c:261:6:lv_dropdown_clear_options	8	static
../lvgl/lvgl/src/widgets/lv_dropdown.c:278:6:lv_dropdown_set_selected	0	static
../lvgl/lvgl/src/widgets/lv_dropdown.c:291:6:lv_dropdown_set_dir	0	static
../lvgl/lvgl/src/widgets/lv_dropdown.c:303:6:lv_dropdown_set_symbol	0	static
../lvgl/lvgl/src/widgets/lv_dropdown.c:312:6:lv_dropdown_set_selected_highlight	0	static
../lvgl/lvgl/src/widgets/lv_dropdown.c:325:12:lv_dropdown_get_list	0	static
../lvgl/lvgl/src/widgets/lv_dropdown.c:333:14:lv_dropdown_get_text	0	static
../lvgl/lvgl/src/widgets/lv_dropdown.c:341:14:lv_dropdown_get_options	0	static
../lvgl/lvgl/src/widgets/lv_dropdown.c:349:10:lv_dropdown_get_selected	0	static
../lvgl/lvgl/src/widgets/lv_dropdown.c:358:10:lv_dropdown_get_option_cnt	0	static
../lvgl/lvgl/src/widgets/lv_dropdown.c:367:6:lv_dropdown_get_selected_str	16	static
../lvgl/lvgl/src/widgets/lv_dropdown.c:401:14:lv_dropdown_get_symbol	0	static
../lvgl/lvgl/src/widgets/lv_dropdown.c:408:6:lv_dropdown_get_selected_highlight	0	static
../lvgl/lvgl/src/widgets/lv_dropdown.c:415:10:lv_dropdown_get_dir	0	static
../lvgl/lvgl/src/widgets/lv_dropdown.c:426:6:lv_dropdown_open	32	static
../lvgl/lvgl/src/widgets/lv_dropdown.c:988:17:btn_release_handler.isra	24	static
../lvgl/lvgl/src/widgets/lv_dropdown.c:627:13:lv_dropdown_event	152	static
../lvgl/lvgl/src/widgets/lv_dropdown.c:524:6:lv_dropdown_close	8	static
../lvgl/lvgl/src/widgets/lv_dropdown.c:537:6:lv_dropdown_is_open	8	static
