../lvgl/lvgl/src/widgets/lv_img.c:423:19:lv_img_get_transformed_size	40	static
../lvgl/lvgl/src/widgets/lv_img.c:385:13:lv_img_constructor	16	static
../lvgl/lvgl/src/widgets/lv_img.c:412:13:lv_img_destructor	8	static
../lvgl/lvgl/src/widgets/lv_img.c:57:12:lv_img_create	8	static
../lvgl/lvgl/src/widgets/lv_img.c:69:6:lv_img_set_src	56	static
../lvgl/lvgl/src/widgets/lv_img.c:441:13:lv_img_event	152	static
../lvgl/lvgl/src/widgets/lv_img.c:162:6:lv_img_set_offset_x	0	static
../lvgl/lvgl/src/widgets/lv_img.c:174:6:lv_img_set_offset_y	0	static
../lvgl/lvgl/src/widgets/lv_img.c:186:6:lv_img_set_angle	56	static
../lvgl/lvgl/src/widgets/lv_img.c:220:6:lv_img_set_pivot	56	static
../lvgl/lvgl/src/widgets/lv_img.c:254:6:lv_img_set_zoom	56	static
../lvgl/lvgl/src/widgets/lv_img.c:288:6:lv_img_set_antialias	0	static
../lvgl/lvgl/src/widgets/lv_img.c:297:6:lv_img_set_size_mode	0	static
../lvgl/lvgl/src/widgets/lv_img.c:311:14:lv_img_get_src	0	static
../lvgl/lvgl/src/widgets/lv_img.c:320:12:lv_img_get_offset_x	0	static
../lvgl/lvgl/src/widgets/lv_img.c:329:12:lv_img_get_offset_y	0	static
../lvgl/lvgl/src/widgets/lv_img.c:338:10:lv_img_get_angle	0	static
../lvgl/lvgl/src/widgets/lv_img.c:347:6:lv_img_get_pivot	0	static
../lvgl/lvgl/src/widgets/lv_img.c:356:10:lv_img_get_zoom	0	static
../lvgl/lvgl/src/widgets/lv_img.c:365:6:lv_img_get_antialias	0	static
../lvgl/lvgl/src/widgets/lv_img.c:374:20:lv_img_get_size_mode	0	static
