../lvgl/lvgl/src/widgets/lv_roller.c:778:13:set_y_anim	0	static
../lvgl/lvgl/src/widgets/lv_roller.c:568:13:get_sel_area	32	static
../lvgl/lvgl/src/widgets/lv_roller.c:724:13:inf_normalize.part.0	24	static
../lvgl/lvgl/src/widgets/lv_roller.c:771:13:scroll_anim_ready_cb	8	static
../lvgl/lvgl/src/widgets/lv_roller.c:592:13:refr_position	96	static
../lvgl/lvgl/src/widgets/lv_roller.c:291:13:lv_roller_constructor	24	static
../lvgl/lvgl/src/widgets/lv_roller.c:415:13:lv_roller_label_event	104	static
../lvgl/lvgl/src/widgets/lv_roller.c:78:12:lv_roller_create	8	static
../lvgl/lvgl/src/widgets/lv_roller.c:96:6:lv_roller_set_options	48	static
../lvgl/lvgl/src/widgets/lv_roller.c:152:6:lv_roller_set_selected	4	static
../lvgl/lvgl/src/widgets/lv_roller.c:312:13:lv_roller_event	160	static
../lvgl/lvgl/src/widgets/lv_roller.c:188:6:lv_roller_set_visible_row_count	24	static
../lvgl/lvgl/src/widgets/lv_roller.c:207:10:lv_roller_get_selected	0	static
../lvgl/lvgl/src/widgets/lv_roller.c:227:6:lv_roller_get_selected_str	24	static
../lvgl/lvgl/src/widgets/lv_roller.c:260:14:lv_roller_get_options	8	static
../lvgl/lvgl/src/widgets/lv_roller.c:273:10:lv_roller_get_option_cnt	0	static
