../lvgl/lvgl/src/widgets/lv_table.c:811:19:get_row_height	104	static
../lvgl/lvgl/src/widgets/lv_table.c:784:13:refr_size	80	static
../lvgl/lvgl/src/widgets/lv_table.c:589:13:draw_main	440	static
../lvgl/lvgl/src/widgets/lv_table.c:452:13:lv_table_destructor	16	static
../lvgl/lvgl/src/widgets/lv_table.c:433:13:lv_table_constructor	8	static
../lvgl/lvgl/src/widgets/lv_table.c:470:13:lv_table_event	56	static
../lvgl/lvgl/src/widgets/lv_table.c:64:12:lv_table_create	8	static
../lvgl/lvgl/src/widgets/lv_table.c:205:6:lv_table_set_row_cnt	24	static
../lvgl/lvgl/src/widgets/lv_table.c:114:6:lv_table_set_cell_value_fmt	76	static
../lvgl/lvgl/src/widgets/lv_table.c:241:6:lv_table_set_col_cnt	40	static
../lvgl/lvgl/src/widgets/lv_table.c:76:6:lv_table_set_cell_value	32	static
../lvgl/lvgl/src/widgets/lv_table.c:296:6:lv_table_set_col_width	16	static
../lvgl/lvgl/src/widgets/lv_table.c:309:6:lv_table_add_cell_ctrl	24	static
../lvgl/lvgl/src/widgets/lv_table.c:333:6:lv_table_clear_cell_ctrl	24	static
../lvgl/lvgl/src/widgets/lv_table.c:361:14:lv_table_get_cell_value	0	static
../lvgl/lvgl/src/widgets/lv_table.c:377:10:lv_table_get_row_cnt	0	static
../lvgl/lvgl/src/widgets/lv_table.c:385:10:lv_table_get_col_cnt	0	static
../lvgl/lvgl/src/widgets/lv_table.c:393:12:lv_table_get_col_width	0	static
../lvgl/lvgl/src/widgets/lv_table.c:407:6:lv_table_has_cell_ctrl	0	static
../lvgl/lvgl/src/widgets/lv_table.c:422:6:lv_table_get_selected_cell	0	static
