../lvgl/lvgl/src/widgets/lv_textarea.c:943:13:pwd_char_hider_anim	0	static
../lvgl/lvgl/src/widgets/lv_textarea.c:835:13:lv_textarea_destructor	8	static
../lvgl/lvgl/src/widgets/lv_textarea.c:1051:13:refr_cursor_area	72	static
../lvgl/lvgl/src/widgets/lv_textarea.c:921:13:cursor_blink_anim_cb	24	static
../lvgl/lvgl/src/widgets/lv_textarea.c:963:13:pwd_char_hider.part.0	56	static
../lvgl/lvgl/src/widgets/lv_textarea.c:953:13:pwd_char_hider_anim_ready	0	static
../lvgl/lvgl/src/widgets/lv_textarea.c:901:13:label_event_cb	80	static
../lvgl/lvgl/src/widgets/lv_textarea.c:85:12:lv_textarea_create	8	static
../lvgl/lvgl/src/widgets/lv_textarea.c:350:6:lv_textarea_set_placeholder_text	16	static
../lvgl/lvgl/src/widgets/lv_textarea.c:386:6:lv_textarea_set_cursor_pos	96	static
../lvgl/lvgl/src/widgets/lv_textarea.c:799:13:lv_textarea_constructor	88	static
../lvgl/lvgl/src/widgets/lv_textarea.c:171:6:lv_textarea_add_text	88	static
../lvgl/lvgl/src/widgets/lv_textarea.c:97:6:lv_textarea_add_char	104	static
../lvgl/lvgl/src/widgets/lv_textarea.c:233:6:lv_textarea_del_char.part.0	16	static
../lvgl/lvgl/src/widgets/lv_textarea.c:233:6:lv_textarea_del_char	24	static
../lvgl/lvgl/src/widgets/lv_textarea.c:277:6:lv_textarea_del_char_forward	24	static
../lvgl/lvgl/src/widgets/lv_textarea.c:290:6:lv_textarea_set_text	88	static
../lvgl/lvgl/src/widgets/lv_textarea.c:438:6:lv_textarea_set_cursor_click_pos	0	static
../lvgl/lvgl/src/widgets/lv_textarea.c:446:6:lv_textarea_set_password_mode	16	static
../lvgl/lvgl/src/widgets/lv_textarea.c:479:6:lv_textarea_set_one_line	16	static
../lvgl/lvgl/src/widgets/lv_textarea.c:503:6:lv_textarea_set_accepted_chars	0	static
../lvgl/lvgl/src/widgets/lv_textarea.c:512:6:lv_textarea_set_max_length	0	static
../lvgl/lvgl/src/widgets/lv_textarea.c:521:6:lv_textarea_set_insert_replace	0	static
../lvgl/lvgl/src/widgets/lv_textarea.c:529:6:lv_textarea_set_text_selection	16	static
../lvgl/lvgl/src/widgets/lv_textarea.c:545:6:lv_textarea_set_password_show_time	0	static
../lvgl/lvgl/src/widgets/lv_textarea.c:553:6:lv_textarea_set_align	16	static
../lvgl/lvgl/src/widgets/lv_textarea.c:576:14:lv_textarea_get_text	0	static
../lvgl/lvgl/src/widgets/lv_textarea.c:593:14:lv_textarea_get_placeholder_text	0	static
../lvgl/lvgl/src/widgets/lv_textarea.c:602:12:lv_textarea_get_label	0	static
../lvgl/lvgl/src/widgets/lv_textarea.c:610:10:lv_textarea_get_cursor_pos	0	static
../lvgl/lvgl/src/widgets/lv_textarea.c:618:6:lv_textarea_get_cursor_click_pos	0	static
../lvgl/lvgl/src/widgets/lv_textarea.c:626:6:lv_textarea_get_password_mode	0	static
../lvgl/lvgl/src/widgets/lv_textarea.c:634:6:lv_textarea_get_one_line	0	static
../lvgl/lvgl/src/widgets/lv_textarea.c:642:14:lv_textarea_get_accepted_chars	0	static
../lvgl/lvgl/src/widgets/lv_textarea.c:651:10:lv_textarea_get_max_length	0	static
../lvgl/lvgl/src/widgets/lv_textarea.c:659:6:lv_textarea_text_is_selected	16	static
../lvgl/lvgl/src/widgets/lv_textarea.c:679:6:lv_textarea_get_text_selection	0	static
../lvgl/lvgl/src/widgets/lv_textarea.c:692:10:lv_textarea_get_password_show_time	0	static
../lvgl/lvgl/src/widgets/lv_textarea.c:705:6:lv_textarea_clear_selection	16	static
../lvgl/lvgl/src/widgets/lv_textarea.c:722:6:lv_textarea_cursor_right	0	static
../lvgl/lvgl/src/widgets/lv_textarea.c:731:6:lv_textarea_cursor_left	0	static
../lvgl/lvgl/src/widgets/lv_textarea.c:742:6:lv_textarea_cursor_down	24	static
../lvgl/lvgl/src/widgets/lv_textarea.c:771:6:lv_textarea_cursor_up	24	static
../lvgl/lvgl/src/widgets/lv_textarea.c:850:13:lv_textarea_event	160	static
