../lvgl/lvgl/src/extra/widgets/calendar/lv_calendar.c:291:13:draw_part_begin_event_cb	16	static
../lvgl/lvgl/src/extra/widgets/calendar/lv_calendar.c:378:13:highlight_update	24	static
../lvgl/lvgl/src/extra/widgets/calendar/lv_calendar.c:60:12:lv_calendar_create	8	static
../lvgl/lvgl/src/extra/widgets/calendar/lv_calendar.c:72:6:lv_calendar_set_day_names	0	static
../lvgl/lvgl/src/extra/widgets/calendar/lv_calendar.c:84:6:lv_calendar_set_today_date	24	static
../lvgl/lvgl/src/extra/widgets/calendar/lv_calendar.c:96:6:lv_calendar_set_highlighted_dates	24	static
../lvgl/lvgl/src/extra/widgets/calendar/lv_calendar.c:109:6:lv_calendar_set_showed_date	48	static
../lvgl/lvgl/src/extra/widgets/calendar/lv_calendar.c:240:13:lv_calendar_constructor	32	static
../lvgl/lvgl/src/extra/widgets/calendar/lv_calendar.c:172:12:lv_calendar_get_btnmatrix	0	static
../lvgl/lvgl/src/extra/widgets/calendar/lv_calendar.c:179:28:lv_calendar_get_today_date	0	static
../lvgl/lvgl/src/extra/widgets/calendar/lv_calendar.c:187:28:lv_calendar_get_showed_date	0	static
../lvgl/lvgl/src/extra/widgets/calendar/lv_calendar.c:195:22:lv_calendar_get_highlighted_dates	0	static
../lvgl/lvgl/src/extra/widgets/calendar/lv_calendar.c:203:10:lv_calendar_get_highlighted_dates_num	0	static
../lvgl/lvgl/src/extra/widgets/calendar/lv_calendar.c:211:10:lv_calendar_get_pressed_date	16	static
