../lvgl/lvgl/src/extra/widgets/span/lv_span.c:493:13:lv_spangroup_destructor	16	static
../lvgl/lvgl/src/extra/widgets/span/lv_span.c:480:13:lv_spangroup_constructor	8	static
../lvgl/lvgl/src/extra/widgets/span/lv_span.c:89:12:lv_spangroup_create	8	static
../lvgl/lvgl/src/extra/widgets/span/lv_span.c:96:13:lv_spangroup_new_span	16	static
../lvgl/lvgl/src/extra/widgets/span/lv_span.c:117:6:lv_spangroup_del_span	24	static
../lvgl/lvgl/src/extra/widgets/span/lv_span.c:145:6:lv_span_set_text	16	static
../lvgl/lvgl/src/extra/widgets/span/lv_span.c:163:6:lv_span_set_text_static	16	static
../lvgl/lvgl/src/extra/widgets/span/lv_span.c:178:6:lv_spangroup_set_align	0	static
../lvgl/lvgl/src/extra/widgets/span/lv_span.c:183:6:lv_spangroup_set_overflow	0	static
../lvgl/lvgl/src/extra/widgets/span/lv_span.c:193:6:lv_spangroup_set_indent	8	static
../lvgl/lvgl/src/extra/widgets/span/lv_span.c:216:13:lv_spangroup_get_child	16	static
../lvgl/lvgl/src/extra/widgets/span/lv_span.c:253:10:lv_spangroup_get_child_cnt	0	static
../lvgl/lvgl/src/extra/widgets/span/lv_span.c:266:17:lv_spangroup_get_align	8	static
../lvgl/lvgl/src/extra/widgets/span/lv_span.c:271:20:lv_spangroup_get_overflow	0	static
../lvgl/lvgl/src/extra/widgets/span/lv_span.c:278:12:lv_spangroup_get_indent	0	static
../lvgl/lvgl/src/extra/widgets/span/lv_span.c:285:16:lv_spangroup_get_mode	0	static
../lvgl/lvgl/src/extra/widgets/span/lv_span.c:326:12:lv_spangroup_get_max_line_h	32	static
../lvgl/lvgl/src/extra/widgets/span/lv_span.c:344:10:lv_spangroup_get_expand_width	64	static
../lvgl/lvgl/src/extra/widgets/span/lv_span.c:376:12:lv_spangroup_get_expand_height	112	static
../lvgl/lvgl/src/extra/widgets/span/lv_span.c:509:13:lv_spangroup_event	240	static
../lvgl/lvgl/src/extra/widgets/span/lv_span.c:292:6:lv_spangroup_refr_mode	8	static
../lvgl/lvgl/src/extra/widgets/span/lv_span.c:204:6:lv_spangroup_set_mode	8	static
